#! /opt/homebrew/Cellar/icarus-verilog/13.0/bin/vvp
:ivl_version "13.0 (stable)" "(v13_0)";
:ivl_delay_selection "TYPICAL";
:vpi_time_precision - 12;
:vpi_module "/opt/homebrew/Cellar/icarus-verilog/13.0/lib/ivl/system.vpi";
:vpi_module "/opt/homebrew/Cellar/icarus-verilog/13.0/lib/ivl/vhdl_sys.vpi";
:vpi_module "/opt/homebrew/Cellar/icarus-verilog/13.0/lib/ivl/vhdl_textio.vpi";
:vpi_module "/opt/homebrew/Cellar/icarus-verilog/13.0/lib/ivl/v2005_math.vpi";
:vpi_module "/opt/homebrew/Cellar/icarus-verilog/13.0/lib/ivl/va_math.vpi";
:vpi_module "/opt/homebrew/Cellar/icarus-verilog/13.0/lib/ivl/v2009.vpi";
S_0x100f6b010 .scope package, "$unit" "$unit" 2 1;
 .timescale 0 0;
S_0x100f6b190 .scope module, "lab2_1_practice_tb" "lab2_1_practice_tb" 3 1;
 .timescale -9 -12;
P_0xb2ec48080 .param/l "CYCLE" 1 3 6, C4<0000000000000000000000000000000000000000000000000000000000001010>;
P_0xb2ec480c0 .param/l "PATTERN_NUM" 1 3 7, C4<00000000000000000000000000100000>;
v0x100f76cc0_0 .var/s "A", 7 0;
v0x100f76d60_0 .var/s "B", 7 0;
v0x100f76e00_0 .var "clk", 0 0;
v0x100f76ea0_0 .var/s "expected_out", 7 0;
v0x100f76f40_0 .var "expected_rst", 0 0;
v0x100f76fe0_0 .var/2u "failure_count", 31 0;
v0xb2ec74000_0 .var/real "last_rising_edge", 0 0;
v0xb2ec740a0_0 .net/s "out", 7 0, v0x100f779c0_0;  1 drivers
v0xb2ec74140_0 .var/2u "pass_count", 31 0;
v0xb2ec741e0_0 .var/i "pattern_file", 31 0;
v0xb2ec74280_0 .var/2u "pattern_index", 31 0;
v0xb2ec74320 .array "patterns", 31 0, 24 0;
v0xb2ec743c0_0 .var "rst", 0 0;
v0xb2ec74460_0 .var/2u "timing_checks_enabled", 0 0;
E_0xb2ec385c0 .event negedge, v0x100f66ab0_0;
E_0xb2ec38600 .event anyedge, v0x100f779c0_0;
S_0x100f66890 .scope module, "dut" "lab2_1_practice" 3 26, 4 3 0, S_0x100f6b190;
 .timescale -9 -12;
    .port_info 0 /INPUT 1 "clk";
    .port_info 1 /INPUT 1 "rst";
    .port_info 2 /INPUT 8 "A";
    .port_info 3 /INPUT 8 "B";
    .port_info 4 /OUTPUT 8 "out";
v0x100f77620_0 .net/s "A", 7 0, v0x100f76cc0_0;  1 drivers
v0x100f66a10_0 .net/s "B", 7 0, v0x100f76d60_0;  1 drivers
v0x100f66ab0_0 .net "clk", 0 0, v0x100f76e00_0;  1 drivers
v0x100f77920_0 .var/s "inter_sum", 8 0;
v0x100f779c0_0 .var/s "out", 7 0;
v0x100f76c20_0 .net "rst", 0 0, v0xb2ec743c0_0;  1 drivers
E_0xb2ec38640 .event posedge, v0x100f66ab0_0;
E_0xb2ec38680 .event anyedge, v0x100f77620_0, v0x100f66a10_0;
    .scope S_0x100f66890;
T_0 ;
Ewait_0 .event/or E_0xb2ec38680, E_0x0;
    %wait Ewait_0;
    %load/vec4 v0x100f77620_0;
    %pad/s 9;
    %load/vec4 v0x100f66a10_0;
    %pad/s 9;
    %add;
    %store/vec4 v0x100f77920_0, 0, 9;
    %jmp T_0;
    .thread T_0, $push;
    .scope S_0x100f66890;
T_1 ;
    %wait E_0xb2ec38640;
    %load/vec4 v0x100f76c20_0;
    %flag_set/vec4 8;
    %jmp/0xz  T_1.0, 8;
    %pushi/vec4 0, 0, 8;
    %assign/vec4 v0x100f779c0_0, 0;
    %jmp T_1.1;
T_1.0 ;
    %load/vec4 v0x100f77920_0;
    %pad/s 32;
    %cmpi/s 127, 0, 32;
    %flag_or 5, 4; GT is !LE
    %flag_inv 5;
    %jmp/0xz  T_1.2, 5;
    %pushi/vec4 127, 0, 8;
    %assign/vec4 v0x100f779c0_0, 0;
    %jmp T_1.3;
T_1.2 ;
    %load/vec4 v0x100f77920_0;
    %pad/s 32;
    %cmpi/s 4294967168, 0, 32;
    %jmp/0xz  T_1.4, 5;
    %pushi/vec4 128, 0, 8;
    %assign/vec4 v0x100f779c0_0, 0;
    %jmp T_1.5;
T_1.4 ;
    %load/vec4 v0x100f77920_0;
    %pad/s 8;
    %assign/vec4 v0x100f779c0_0, 0;
T_1.5 ;
T_1.3 ;
T_1.1 ;
    %jmp T_1;
    .thread T_1;
    .scope S_0x100f6b190;
T_2 ;
    %pushi/vec4 0, 0, 32;
    %store/vec4 v0x100f76fe0_0, 0, 32;
    %pushi/vec4 0, 0, 1;
    %store/vec4 v0xb2ec74460_0, 0, 1;
    %pushi/real 1073741824, 20450; load=-1.00000
    %store/real v0xb2ec74000_0;
    %end;
    .thread T_2, $init;
    .scope S_0x100f6b190;
T_3 ;
    %pushi/vec4 0, 0, 1;
    %store/vec4 v0x100f76e00_0, 0, 1;
T_3.0 ;
    %delay 5000, 0;
    %load/vec4 v0x100f76e00_0;
    %inv;
    %store/vec4 v0x100f76e00_0, 0, 1;
    %jmp T_3.0;
T_3.1 ;
    %end;
    .thread T_3;
    .scope S_0x100f6b190;
T_4 ;
    %wait E_0xb2ec38640;
    %vpi_func/r 3 40 "$realtime" {0 0 0};
    %store/real v0xb2ec74000_0;
    %jmp T_4;
    .thread T_4;
    .scope S_0x100f6b190;
T_5 ;
    %wait E_0xb2ec38600;
    %delay 0, 0;
    %load/vec4 v0xb2ec74460_0;
    %flag_set/vec4 9;
    %flag_get/vec4 9;
    %jmp/0 T_5.2, 9;
    %vpi_func/r 3 45 "$realtime" {0 0 0};
    %load/real v0xb2ec74000_0;
    %cmp/wr;
    %flag_inv 4;
    %flag_get/vec4 4;
    %and;
T_5.2;
    %flag_set/vec4 8;
    %jmp/0xz  T_5.0, 8;
    %load/vec4 v0x100f76fe0_0;
    %addi 1, 0, 32;
    %store/vec4 v0x100f76fe0_0, 0, 32;
    %vpi_call/w 3 47 "$display", "<ERROR> out changed away from a rising edge at t=%0t", $time {0 0 0};
T_5.0 ;
    %jmp T_5;
    .thread T_5, $push;
    .scope S_0x100f6b190;
T_6 ;
    %delay 420000, 0;
    %vpi_call/w 3 53 "$fatal", 32'sb00000000000000000000000000000001, "Lab 2 Practice 1: FAIL (simulation timeout)" {0 0 0};
    %end;
    .thread T_6;
    .scope S_0x100f6b190;
T_7 ;
    %pushi/vec4 1, 0, 1;
    %store/vec4 v0xb2ec743c0_0, 0, 1;
    %pushi/vec4 0, 0, 8;
    %store/vec4 v0x100f76cc0_0, 0, 8;
    %pushi/vec4 0, 0, 8;
    %store/vec4 v0x100f76d60_0, 0, 8;
    %pushi/vec4 0, 0, 32;
    %store/vec4 v0xb2ec74140_0, 0, 32;
    %vpi_func 3 63 "$fopen" 32, "pattern_A_practice.dat", "r" {0 0 0};
    %store/vec4 v0xb2ec741e0_0, 0, 32;
    %load/vec4 v0xb2ec741e0_0;
    %cmpi/e 0, 0, 32;
    %jmp/0xz  T_7.0, 4;
    %vpi_call/w 3 65 "$fatal", 32'sb00000000000000000000000000000001, "Lab 2 Practice 1: FAIL (cannot open pattern_A_practice.dat; add it as a simulation source with Copy sources into project)" {0 0 0};
T_7.0 ;
    %vpi_call/w 3 66 "$fclose", v0xb2ec741e0_0 {0 0 0};
    %pushi/vec4 0, 0, 32;
    %store/vec4 v0xb2ec74280_0, 0, 32;
T_7.2 ; Top of for-loop
    %load/vec4 v0xb2ec74280_0;
    %cmpi/u 32, 0, 32;
	  %jmp/0xz T_7.3, 5;
    %pushi/vec4 33554431, 33554431, 25;
    %ix/getv 4, v0xb2ec74280_0;
    %store/vec4a v0xb2ec74320, 4, 0;
T_7.4 ; for-loop step statement
    ; show_stmt_assign_vector: Get l-value for compressed += operand
    %load/vec4 v0xb2ec74280_0;
    %pushi/vec4 1, 0, 32;
    %add;
    %cast2;
    %store/vec4 v0xb2ec74280_0, 0, 32;
    %jmp T_7.2;
T_7.3 ; for-loop exit label
    %vpi_call/w 3 69 "$readmemb", "pattern_A_practice.dat", v0xb2ec74320 {0 0 0};
    %pushi/vec4 0, 0, 32;
    %store/vec4 v0xb2ec74280_0, 0, 32;
T_7.5 ; Top of for-loop
    %load/vec4 v0xb2ec74280_0;
    %cmpi/u 32, 0, 32;
	  %jmp/0xz T_7.6, 5;
    %ix/getv 4, v0xb2ec74280_0;
    %load/vec4a v0xb2ec74320, 4;
    %xor/r;
    %cmpi/e 1, 1, 1;
    %jmp/0xz  T_7.8, 6;
    %vpi_call/w 3 72 "$fatal", 32'sb00000000000000000000000000000001, "Lab 2 Practice 1: FAIL (pattern %0d is missing or contains X/Z; expected %0d complete binary patterns)", v0xb2ec74280_0, P_0xb2ec480c0 {0 0 0};
T_7.8 ;
T_7.7 ; for-loop step statement
    ; show_stmt_assign_vector: Get l-value for compressed += operand
    %load/vec4 v0xb2ec74280_0;
    %pushi/vec4 1, 0, 32;
    %add;
    %cast2;
    %store/vec4 v0xb2ec74280_0, 0, 32;
    %jmp T_7.5;
T_7.6 ; for-loop exit label
    %wait E_0xb2ec38640;
    %delay 1000, 0;
    %pushi/vec4 1, 0, 1;
    %store/vec4 v0xb2ec74460_0, 0, 1;
    %pushi/vec4 0, 0, 32;
    %store/vec4 v0xb2ec74280_0, 0, 32;
T_7.10 ; Top of for-loop
    %load/vec4 v0xb2ec74280_0;
    %cmpi/u 32, 0, 32;
	  %jmp/0xz T_7.11, 5;
    %wait E_0xb2ec385c0;
    %ix/getv 4, v0xb2ec74280_0;
    %load/vec4a v0xb2ec74320, 4;
    %split/vec4 8;
    %store/vec4 v0x100f76ea0_0, 0, 8;
    %split/vec4 8;
    %store/vec4 v0x100f76d60_0, 0, 8;
    %split/vec4 8;
    %store/vec4 v0x100f76cc0_0, 0, 8;
    %store/vec4 v0x100f76f40_0, 0, 1;
    %load/vec4 v0x100f76f40_0;
    %store/vec4 v0xb2ec743c0_0, 0, 1;
    %wait E_0xb2ec38640;
    %delay 1000, 0;
    %load/vec4 v0xb2ec740a0_0;
    %load/vec4 v0x100f76ea0_0;
    %cmp/ne;
    %jmp/0xz  T_7.13, 6;
    %load/vec4 v0x100f76fe0_0;
    %addi 1, 0, 32;
    %store/vec4 v0x100f76fe0_0, 0, 32;
    %load/vec4 v0x100f76cc0_0;
    %load/vec4 v0x100f76d60_0;
    %load/vec4 v0xb2ec740a0_0;
    %load/vec4 v0x100f76ea0_0;
    %vpi_call/w 3 91 "$display", "<ERROR> pattern %0d: rst=%b A=%0d B=%0d out=%0d expected=%0d", v0xb2ec74280_0, v0xb2ec743c0_0, S<3,vec4,s8>, S<2,vec4,s8>, S<1,vec4,s8>, S<0,vec4,s8> {4 0 0};
    %jmp T_7.14;
T_7.13 ;
    %load/vec4 v0xb2ec74140_0;
    %addi 1, 0, 32;
    %store/vec4 v0xb2ec74140_0, 0, 32;
T_7.14 ;
T_7.12 ; for-loop step statement
    %load/vec4 v0xb2ec74280_0;
    %addi 1, 0, 32;
    %store/vec4 v0xb2ec74280_0, 0, 32;
    %jmp T_7.10;
T_7.11 ; for-loop exit label
    %wait E_0xb2ec385c0;
    %pushi/vec4 0, 0, 1;
    %store/vec4 v0xb2ec743c0_0, 0, 1;
    %pushi/vec4 1, 0, 8;
    %store/vec4 v0x100f76cc0_0, 0, 8;
    %pushi/vec4 2, 0, 8;
    %store/vec4 v0x100f76d60_0, 0, 8;
    %wait E_0xb2ec38640;
    %delay 1000, 0;
    %load/vec4 v0xb2ec740a0_0;
    %cmpi/ne 3, 0, 8;
    %jmp/0xz  T_7.15, 6;
    %load/vec4 v0x100f76fe0_0;
    %addi 1, 0, 32;
    %store/vec4 v0x100f76fe0_0, 0, 32;
    %load/vec4 v0xb2ec740a0_0;
    %vpi_call/w 3 109 "$display", "<ERROR> reset probe setup: expected out=3, got %0d", S<0,vec4,s8> {1 0 0};
T_7.15 ;
    %delay 1000, 0;
    %pushi/vec4 1, 0, 1;
    %store/vec4 v0xb2ec743c0_0, 0, 1;
    %wait E_0xb2ec38640;
    %delay 1000, 0;
    %load/vec4 v0xb2ec740a0_0;
    %cmpi/ne 0, 0, 8;
    %jmp/0xz  T_7.17, 6;
    %load/vec4 v0x100f76fe0_0;
    %addi 1, 0, 32;
    %store/vec4 v0x100f76fe0_0, 0, 32;
    %load/vec4 v0xb2ec740a0_0;
    %vpi_call/w 3 116 "$display", "<ERROR> synchronous reset: expected out=0, got %0d", S<0,vec4,s8> {1 0 0};
T_7.17 ;
    %load/vec4 v0xb2ec74140_0;
    %cmpi/e 32, 0, 32;
    %flag_get/vec4 4;
    %jmp/0 T_7.21, 4;
    %load/vec4 v0x100f76fe0_0;
    %pushi/vec4 0, 0, 32;
    %cmp/e;
    %flag_get/vec4 4;
    %and;
T_7.21;
    %flag_set/vec4 8;
    %jmp/0xz  T_7.19, 8;
    %vpi_call/w 3 120 "$display", "========================================" {0 0 0};
    %vpi_call/w 3 121 "$display", "  Lab 2 Practice 1: PASS (%0d/%0d)", v0xb2ec74140_0, P_0xb2ec480c0 {0 0 0};
    %vpi_call/w 3 123 "$display", "========================================" {0 0 0};
    %jmp T_7.20;
T_7.19 ;
    %vpi_call/w 3 125 "$fatal", 32'sb00000000000000000000000000000001, "Lab 2 Practice 1: FAIL (%0d/%0d patterns, %0d errors)", v0xb2ec74140_0, P_0xb2ec480c0, v0x100f76fe0_0 {0 0 0};
T_7.20 ;
    %vpi_call/w 3 128 "$finish" {0 0 0};
    %end;
    .thread T_7;
    .scope S_0x100f6b190;
T_8 ;
    %vpi_call/w 3 132 "$dumpfile", "waveform.vcd" {0 0 0};
    %vpi_call/w 3 133 "$dumpvars", 32'sb00000000000000000000000000000000, S_0x100f6b190 {0 0 0};
    %end;
    .thread T_8;
# The file index is used to find the file name in the following table.
:file_names 5;
    "N/A";
    "<interactive>";
    "-";
    "lab2_1_practice_t.sv";
    "lab2_1_practice.sv";
